Archive member included because of file (symbol)

d:/eclipse/01-imt_sdk/imt_sdk_win_64/imt_sdk_win_64/winavr/bin/../lib/gcc/avr/4.3.3/avr5\libgcc.a(_exit.o)
                              d:/eclipse/01-imt_sdk/imt_sdk_win_64/imt_sdk_win_64/winavr/bin/../lib/gcc/avr/4.3.3/../../../../avr/lib/avr5/crtm32.o (exit)
d:/eclipse/01-imt_sdk/imt_sdk_win_64/imt_sdk_win_64/winavr/bin/../lib/gcc/avr/4.3.3/avr5\libgcc.a(_copy_data.o)
                              ./Master_main.o (__do_copy_data)

Memory Configuration

Name             Origin             Length             Attributes
text             0x00000000         0x00020000         xr
data             0x00800060         0x0000ffa0         rw !x
eeprom           0x00810000         0x00010000         rw !x
fuse             0x00820000         0x00000400         rw !x
lock             0x00830000         0x00000400         rw !x
signature        0x00840000         0x00000400         rw !x
*default*        0x00000000         0xffffffff

Linker script and memory map

LOAD d:/eclipse/01-imt_sdk/imt_sdk_win_64/imt_sdk_win_64/winavr/bin/../lib/gcc/avr/4.3.3/../../../../avr/lib/avr5/crtm32.o
LOAD ./HKPD_Program.o
LOAD ./MDIO_program.o
LOAD ./MSPI_Program.o
LOAD ./MUART_Program.o
LOAD ./Master_main.o
LOAD d:/eclipse/01-imt_sdk/imt_sdk_win_64/imt_sdk_win_64/winavr/bin/../lib/gcc/avr/4.3.3/avr5\libgcc.a
LOAD d:/eclipse/01-imt_sdk/imt_sdk_win_64/imt_sdk_win_64/winavr/bin/../lib/gcc/avr/4.3.3/../../../../avr/lib/avr5\libc.a
LOAD d:/eclipse/01-imt_sdk/imt_sdk_win_64/imt_sdk_win_64/winavr/bin/../lib/gcc/avr/4.3.3/avr5\libgcc.a

.hash
 *(.hash)

.dynsym
 *(.dynsym)

.dynstr
 *(.dynstr)

.gnu.version
 *(.gnu.version)

.gnu.version_d
 *(.gnu.version_d)

.gnu.version_r
 *(.gnu.version_r)

.rel.init
 *(.rel.init)

.rela.init
 *(.rela.init)

.rel.text
 *(.rel.text)
 *(.rel.text.*)
 *(.rel.gnu.linkonce.t*)

.rela.text
 *(.rela.text)
 *(.rela.text.*)
 *(.rela.gnu.linkonce.t*)

.rel.fini
 *(.rel.fini)

.rela.fini
 *(.rela.fini)

.rel.rodata
 *(.rel.rodata)
 *(.rel.rodata.*)
 *(.rel.gnu.linkonce.r*)

.rela.rodata
 *(.rela.rodata)
 *(.rela.rodata.*)
 *(.rela.gnu.linkonce.r*)

.rel.data
 *(.rel.data)
 *(.rel.data.*)
 *(.rel.gnu.linkonce.d*)

.rela.data
 *(.rela.data)
 *(.rela.data.*)
 *(.rela.gnu.linkonce.d*)

.rel.ctors
 *(.rel.ctors)

.rela.ctors
 *(.rela.ctors)

.rel.dtors
 *(.rel.dtors)

.rela.dtors
 *(.rela.dtors)

.rel.got
 *(.rel.got)

.rela.got
 *(.rela.got)

.rel.bss
 *(.rel.bss)

.rela.bss
 *(.rela.bss)

.rel.plt
 *(.rel.plt)

.rela.plt
 *(.rela.plt)

.text           0x00000000      0x658
 *(.vectors)
 .vectors       0x00000000       0x54 d:/eclipse/01-imt_sdk/imt_sdk_win_64/imt_sdk_win_64/winavr/bin/../lib/gcc/avr/4.3.3/../../../../avr/lib/avr5/crtm32.o
                0x00000000                __vectors
                0x00000000                __vector_default
 *(.vectors)
 *(.progmem.gcc*)
 *(.progmem*)
                0x00000054                . = ALIGN (0x2)
                0x00000054                __trampolines_start = .
 *(.trampolines)
 .trampolines   0x00000054        0x0 linker stubs
 *(.trampolines*)
                0x00000054                __trampolines_end = .
 *(.jumptables)
 *(.jumptables*)
 *(.lowtext)
 *(.lowtext*)
                0x00000054                __ctors_start = .
 *(.ctors)
                0x00000054                __ctors_end = .
                0x00000054                __dtors_start = .
 *(.dtors)
                0x00000054                __dtors_end = .
 SORT(*)(.ctors)
 SORT(*)(.dtors)
 *(.init0)
 .init0         0x00000054        0x0 d:/eclipse/01-imt_sdk/imt_sdk_win_64/imt_sdk_win_64/winavr/bin/../lib/gcc/avr/4.3.3/../../../../avr/lib/avr5/crtm32.o
                0x00000054                __init
 *(.init0)
 *(.init1)
 *(.init1)
 *(.init2)
 .init2         0x00000054        0xc d:/eclipse/01-imt_sdk/imt_sdk_win_64/imt_sdk_win_64/winavr/bin/../lib/gcc/avr/4.3.3/../../../../avr/lib/avr5/crtm32.o
 *(.init2)
 *(.init3)
 *(.init3)
 *(.init4)
 .init4         0x00000060       0x16 d:/eclipse/01-imt_sdk/imt_sdk_win_64/imt_sdk_win_64/winavr/bin/../lib/gcc/avr/4.3.3/avr5\libgcc.a(_copy_data.o)
                0x00000060                __do_copy_data
 *(.init4)
 *(.init5)
 *(.init5)
 *(.init6)
 *(.init6)
 *(.init7)
 *(.init7)
 *(.init8)
 *(.init8)
 *(.init9)
 .init9         0x00000076        0x8 d:/eclipse/01-imt_sdk/imt_sdk_win_64/imt_sdk_win_64/winavr/bin/../lib/gcc/avr/4.3.3/../../../../avr/lib/avr5/crtm32.o
 *(.init9)
 *(.text)
 .text          0x0000007e        0x4 d:/eclipse/01-imt_sdk/imt_sdk_win_64/imt_sdk_win_64/winavr/bin/../lib/gcc/avr/4.3.3/../../../../avr/lib/avr5/crtm32.o
                0x0000007e                __vector_1
                0x0000007e                __vector_12
                0x0000007e                __bad_interrupt
                0x0000007e                __vector_6
                0x0000007e                __vector_3
                0x0000007e                __vector_11
                0x0000007e                __vector_13
                0x0000007e                __vector_17
                0x0000007e                __vector_19
                0x0000007e                __vector_7
                0x0000007e                __vector_5
                0x0000007e                __vector_4
                0x0000007e                __vector_9
                0x0000007e                __vector_2
                0x0000007e                __vector_15
                0x0000007e                __vector_8
                0x0000007e                __vector_14
                0x0000007e                __vector_10
                0x0000007e                __vector_16
                0x0000007e                __vector_18
                0x0000007e                __vector_20
 .text          0x00000082        0x0 ./HKPD_Program.o
 .text          0x00000082        0x0 ./MDIO_program.o
 .text          0x00000082        0x0 ./MSPI_Program.o
 .text          0x00000082        0x0 ./MUART_Program.o
 .text          0x00000082        0x0 ./Master_main.o
 .text          0x00000082        0x0 d:/eclipse/01-imt_sdk/imt_sdk_win_64/imt_sdk_win_64/winavr/bin/../lib/gcc/avr/4.3.3/avr5\libgcc.a(_exit.o)
 .text          0x00000082        0x0 d:/eclipse/01-imt_sdk/imt_sdk_win_64/imt_sdk_win_64/winavr/bin/../lib/gcc/avr/4.3.3/avr5\libgcc.a(_copy_data.o)
                0x00000082                . = ALIGN (0x2)
 *(.text.*)
 .text.HKPD_u8GetColm
                0x00000082      0x126 ./HKPD_Program.o
 .text.HKPD_u8GetButton
                0x000001a8       0x46 ./HKPD_Program.o
                0x000001a8                HKPD_u8GetButton
 .text.HKPD_voidInitialize
                0x000001ee       0x12 ./HKPD_Program.o
                0x000001ee                HKPD_voidInitialize
 .text.MDIO_voidSetPortDirection
                0x00000200       0x32 ./MDIO_program.o
                0x00000200                MDIO_voidSetPortDirection
 .text.MDIO_voidSetPortValue
                0x00000232       0x32 ./MDIO_program.o
                0x00000232                MDIO_voidSetPortValue
 .text.MDIO_u8GetPortValue
                0x00000264       0x24 ./MDIO_program.o
                0x00000264                MDIO_u8GetPortValue
 .text.MDIO_voidSetPinDirection
                0x00000288      0x10a ./MDIO_program.o
                0x00000288                MDIO_voidSetPinDirection
 .text.MDIO_voidSetPinValue
                0x00000392      0x10a ./MDIO_program.o
                0x00000392                MDIO_voidSetPinValue
 .text.MDIO_u8GetPinValue
                0x0000049c       0x64 ./MDIO_program.o
                0x0000049c                MDIO_u8GetPinValue
 .text.MSPI_voidMasterInitialize
                0x00000500        0xe ./MSPI_Program.o
                0x00000500                MSPI_voidMasterInitialize
 .text.MSPI_voidSlaveInitialize
                0x0000050e       0x16 ./MSPI_Program.o
                0x0000050e                MSPI_voidSlaveInitialize
 .text.MSPI_voidSendByte
                0x00000524        0xe ./MSPI_Program.o
                0x00000524                MSPI_voidSendByte
 .text.MSPI_u8ReadByte
                0x00000532        0xe ./MSPI_Program.o
                0x00000532                MSPI_u8ReadByte
 .text.MUART_voidInit
                0x00000540       0x14 ./MUART_Program.o
                0x00000540                MUART_voidInit
 .text.MUART_voidRecieve
                0x00000554        0xe ./MUART_Program.o
                0x00000554                MUART_voidRecieve
 .text.MUART_voidSend
                0x00000562       0x10 ./MUART_Program.o
                0x00000562                MUART_voidSend
 .text.MUART_voidString
                0x00000572       0x2a ./MUART_Program.o
                0x00000572                MUART_voidString
 .text.Send_UserInput
                0x0000059c       0x2a ./Master_main.o
                0x0000059c                Send_UserInput
 .text.Start_Message
                0x000005c6       0x2a ./Master_main.o
                0x000005c6                Start_Message
 .text.main     0x000005f0       0x64 ./Master_main.o
                0x000005f0                main
 .text.libgcc   0x00000654        0x0 d:/eclipse/01-imt_sdk/imt_sdk_win_64/imt_sdk_win_64/winavr/bin/../lib/gcc/avr/4.3.3/avr5\libgcc.a(_exit.o)
 .text.libgcc   0x00000654        0x0 d:/eclipse/01-imt_sdk/imt_sdk_win_64/imt_sdk_win_64/winavr/bin/../lib/gcc/avr/4.3.3/avr5\libgcc.a(_copy_data.o)
                0x00000654                . = ALIGN (0x2)
 *(.fini9)
 .fini9         0x00000654        0x0 d:/eclipse/01-imt_sdk/imt_sdk_win_64/imt_sdk_win_64/winavr/bin/../lib/gcc/avr/4.3.3/avr5\libgcc.a(_exit.o)
                0x00000654                exit
                0x00000654                _exit
 *(.fini9)
 *(.fini8)
 *(.fini8)
 *(.fini7)
 *(.fini7)
 *(.fini6)
 *(.fini6)
 *(.fini5)
 *(.fini5)
 *(.fini4)
 *(.fini4)
 *(.fini3)
 *(.fini3)
 *(.fini2)
 *(.fini2)
 *(.fini1)
 *(.fini1)
 *(.fini0)
 .fini0         0x00000654        0x4 d:/eclipse/01-imt_sdk/imt_sdk_win_64/imt_sdk_win_64/winavr/bin/../lib/gcc/avr/4.3.3/avr5\libgcc.a(_exit.o)
 *(.fini0)
                0x00000658                _etext = .

.data           0x00800060       0x9a load address 0x00000658
                0x00800060                PROVIDE (__data_start, .)
 *(.data)
 .data          0x00800060        0x0 d:/eclipse/01-imt_sdk/imt_sdk_win_64/imt_sdk_win_64/winavr/bin/../lib/gcc/avr/4.3.3/../../../../avr/lib/avr5/crtm32.o
 .data          0x00800060        0x0 ./HKPD_Program.o
 .data          0x00800060        0x0 ./MDIO_program.o
 .data          0x00800060        0x0 ./MSPI_Program.o
 .data          0x00800060        0x0 ./MUART_Program.o
 .data          0x00800060       0x99 ./Master_main.o
 .data          0x008000f9        0x0 d:/eclipse/01-imt_sdk/imt_sdk_win_64/imt_sdk_win_64/winavr/bin/../lib/gcc/avr/4.3.3/avr5\libgcc.a(_exit.o)
 .data          0x008000f9        0x0 d:/eclipse/01-imt_sdk/imt_sdk_win_64/imt_sdk_win_64/winavr/bin/../lib/gcc/avr/4.3.3/avr5\libgcc.a(_copy_data.o)
 *(.data*)
 *(.rodata)
 *(.rodata*)
 *(.gnu.linkonce.d*)
                0x008000fa                . = ALIGN (0x2)
 *fill*         0x008000f9        0x1 00
                0x008000fa                _edata = .
                0x008000fa                PROVIDE (__data_end, .)

.bss            0x008000fa        0x0
                0x008000fa                PROVIDE (__bss_start, .)
 *(.bss)
 .bss           0x008000fa        0x0 d:/eclipse/01-imt_sdk/imt_sdk_win_64/imt_sdk_win_64/winavr/bin/../lib/gcc/avr/4.3.3/../../../../avr/lib/avr5/crtm32.o
 .bss           0x008000fa        0x0 ./HKPD_Program.o
 .bss           0x008000fa        0x0 ./MDIO_program.o
 .bss           0x008000fa        0x0 ./MSPI_Program.o
 .bss           0x008000fa        0x0 ./MUART_Program.o
 .bss           0x008000fa        0x0 ./Master_main.o
 .bss           0x008000fa        0x0 d:/eclipse/01-imt_sdk/imt_sdk_win_64/imt_sdk_win_64/winavr/bin/../lib/gcc/avr/4.3.3/avr5\libgcc.a(_exit.o)
 .bss           0x008000fa        0x0 d:/eclipse/01-imt_sdk/imt_sdk_win_64/imt_sdk_win_64/winavr/bin/../lib/gcc/avr/4.3.3/avr5\libgcc.a(_copy_data.o)
 *(.bss*)
 *(COMMON)
                0x008000fa                PROVIDE (__bss_end, .)
                0x00000658                __data_load_start = LOADADDR (.data)
                0x000006f2                __data_load_end = (__data_load_start + SIZEOF (.data))

.noinit         0x008000fa        0x0
                0x008000fa                PROVIDE (__noinit_start, .)
 *(.noinit*)
                0x008000fa                PROVIDE (__noinit_end, .)
                0x008000fa                _end = .
                0x008000fa                PROVIDE (__heap_start, .)

.eeprom         0x00810000        0x0
 *(.eeprom*)
                0x00810000                __eeprom_end = .

.fuse
 *(.fuse)
 *(.lfuse)
 *(.hfuse)
 *(.efuse)

.lock
 *(.lock*)

.signature
 *(.signature*)

.stab           0x00000000     0x12f0
 *(.stab)
 .stab          0x00000000      0x510 ./HKPD_Program.o
 .stab          0x00000510      0x48c ./MDIO_program.o
                                0x504 (size before relaxing)
 .stab          0x0000099c      0x1f8 ./MSPI_Program.o
                                0x288 (size before relaxing)
 .stab          0x00000b94      0x234 ./MUART_Program.o
                                0x2ac (size before relaxing)
 .stab          0x00000dc8      0x528 ./Master_main.o
                                0x5a0 (size before relaxing)

.stabstr        0x00000000      0xf3b
 *(.stabstr)
 .stabstr       0x00000000      0xf3b ./HKPD_Program.o

.stab.excl
 *(.stab.excl)

.stab.exclstr
 *(.stab.exclstr)

.stab.index
 *(.stab.index)

.stab.indexstr
 *(.stab.indexstr)

.comment
 *(.comment)

.debug
 *(.debug)

.line
 *(.line)

.debug_srcinfo
 *(.debug_srcinfo)

.debug_sfnames
 *(.debug_sfnames)

.debug_aranges
 *(.debug_aranges)

.debug_pubnames
 *(.debug_pubnames)

.debug_info
 *(.debug_info)
 *(.gnu.linkonce.wi.*)

.debug_abbrev
 *(.debug_abbrev)

.debug_line
 *(.debug_line)

.debug_frame
 *(.debug_frame)

.debug_str
 *(.debug_str)

.debug_loc
 *(.debug_loc)

.debug_macinfo
 *(.debug_macinfo)
OUTPUT(DigitalLockSystem_Master.elf elf32-avr)
LOAD linker stubs
