Archive member included because of file (symbol)

d:/eclipse/01-imt_sdk/imt_sdk_win_64/imt_sdk_win_64/winavr/bin/../lib/gcc/avr/4.3.3/avr5\libgcc.a(_exit.o)
                              d:/eclipse/01-imt_sdk/imt_sdk_win_64/imt_sdk_win_64/winavr/bin/../lib/gcc/avr/4.3.3/../../../../avr/lib/avr5/crtm32.o (exit)
d:/eclipse/01-imt_sdk/imt_sdk_win_64/imt_sdk_win_64/winavr/bin/../lib/gcc/avr/4.3.3/avr5\libgcc.a(_copy_data.o)
                              ./Slave_main.o (__do_copy_data)

Memory Configuration

Name             Origin             Length             Attributes
text             0x00000000         0x00020000         xr
data             0x00800060         0x0000ffa0         rw !x
eeprom           0x00810000         0x00010000         rw !x
fuse             0x00820000         0x00000400         rw !x
lock             0x00830000         0x00000400         rw !x
signature        0x00840000         0x00000400         rw !x
*default*        0x00000000         0xffffffff

Linker script and memory map

LOAD d:/eclipse/01-imt_sdk/imt_sdk_win_64/imt_sdk_win_64/winavr/bin/../lib/gcc/avr/4.3.3/../../../../avr/lib/avr5/crtm32.o
LOAD ./HDM_Program.o
LOAD ./HLCD_Program.o
LOAD ./MDIO_program.o
LOAD ./MSPI_Program.o
LOAD ./MUART_Program.o
LOAD ./Slave_main.o
LOAD d:/eclipse/01-imt_sdk/imt_sdk_win_64/imt_sdk_win_64/winavr/bin/../lib/gcc/avr/4.3.3/avr5\libgcc.a
LOAD d:/eclipse/01-imt_sdk/imt_sdk_win_64/imt_sdk_win_64/winavr/bin/../lib/gcc/avr/4.3.3/../../../../avr/lib/avr5\libc.a
LOAD d:/eclipse/01-imt_sdk/imt_sdk_win_64/imt_sdk_win_64/winavr/bin/../lib/gcc/avr/4.3.3/avr5\libgcc.a

.hash
 *(.hash)

.dynsym
 *(.dynsym)

.dynstr
 *(.dynstr)

.gnu.version
 *(.gnu.version)

.gnu.version_d
 *(.gnu.version_d)

.gnu.version_r
 *(.gnu.version_r)

.rel.init
 *(.rel.init)

.rela.init
 *(.rela.init)

.rel.text
 *(.rel.text)
 *(.rel.text.*)
 *(.rel.gnu.linkonce.t*)

.rela.text
 *(.rela.text)
 *(.rela.text.*)
 *(.rela.gnu.linkonce.t*)

.rel.fini
 *(.rel.fini)

.rela.fini
 *(.rela.fini)

.rel.rodata
 *(.rel.rodata)
 *(.rel.rodata.*)
 *(.rel.gnu.linkonce.r*)

.rela.rodata
 *(.rela.rodata)
 *(.rela.rodata.*)
 *(.rela.gnu.linkonce.r*)

.rel.data
 *(.rel.data)
 *(.rel.data.*)
 *(.rel.gnu.linkonce.d*)

.rela.data
 *(.rela.data)
 *(.rela.data.*)
 *(.rela.gnu.linkonce.d*)

.rel.ctors
 *(.rel.ctors)

.rela.ctors
 *(.rela.ctors)

.rel.dtors
 *(.rel.dtors)

.rela.dtors
 *(.rela.dtors)

.rel.got
 *(.rel.got)

.rela.got
 *(.rela.got)

.rel.bss
 *(.rel.bss)

.rela.bss
 *(.rela.bss)

.rel.plt
 *(.rel.plt)

.rela.plt
 *(.rela.plt)

.text           0x00000000      0x9fc
 *(.vectors)
 .vectors       0x00000000       0x54 d:/eclipse/01-imt_sdk/imt_sdk_win_64/imt_sdk_win_64/winavr/bin/../lib/gcc/avr/4.3.3/../../../../avr/lib/avr5/crtm32.o
                0x00000000                __vectors
                0x00000000                __vector_default
 *(.vectors)
 *(.progmem.gcc*)
 *(.progmem*)
                0x00000054                . = ALIGN (0x2)
                0x00000054                __trampolines_start = .
 *(.trampolines)
 .trampolines   0x00000054        0x0 linker stubs
 *(.trampolines*)
                0x00000054                __trampolines_end = .
 *(.jumptables)
 *(.jumptables*)
 *(.lowtext)
 *(.lowtext*)
                0x00000054                __ctors_start = .
 *(.ctors)
                0x00000054                __ctors_end = .
                0x00000054                __dtors_start = .
 *(.dtors)
                0x00000054                __dtors_end = .
 SORT(*)(.ctors)
 SORT(*)(.dtors)
 *(.init0)
 .init0         0x00000054        0x0 d:/eclipse/01-imt_sdk/imt_sdk_win_64/imt_sdk_win_64/winavr/bin/../lib/gcc/avr/4.3.3/../../../../avr/lib/avr5/crtm32.o
                0x00000054                __init
 *(.init0)
 *(.init1)
 *(.init1)
 *(.init2)
 .init2         0x00000054        0xc d:/eclipse/01-imt_sdk/imt_sdk_win_64/imt_sdk_win_64/winavr/bin/../lib/gcc/avr/4.3.3/../../../../avr/lib/avr5/crtm32.o
 *(.init2)
 *(.init3)
 *(.init3)
 *(.init4)
 .init4         0x00000060       0x16 d:/eclipse/01-imt_sdk/imt_sdk_win_64/imt_sdk_win_64/winavr/bin/../lib/gcc/avr/4.3.3/avr5\libgcc.a(_copy_data.o)
                0x00000060                __do_copy_data
 *(.init4)
 *(.init5)
 *(.init5)
 *(.init6)
 *(.init6)
 *(.init7)
 *(.init7)
 *(.init8)
 *(.init8)
 *(.init9)
 .init9         0x00000076        0x8 d:/eclipse/01-imt_sdk/imt_sdk_win_64/imt_sdk_win_64/winavr/bin/../lib/gcc/avr/4.3.3/../../../../avr/lib/avr5/crtm32.o
 *(.init9)
 *(.text)
 .text          0x0000007e        0x4 d:/eclipse/01-imt_sdk/imt_sdk_win_64/imt_sdk_win_64/winavr/bin/../lib/gcc/avr/4.3.3/../../../../avr/lib/avr5/crtm32.o
                0x0000007e                __vector_1
                0x0000007e                __vector_12
                0x0000007e                __bad_interrupt
                0x0000007e                __vector_6
                0x0000007e                __vector_3
                0x0000007e                __vector_11
                0x0000007e                __vector_13
                0x0000007e                __vector_17
                0x0000007e                __vector_19
                0x0000007e                __vector_7
                0x0000007e                __vector_5
                0x0000007e                __vector_4
                0x0000007e                __vector_9
                0x0000007e                __vector_2
                0x0000007e                __vector_15
                0x0000007e                __vector_8
                0x0000007e                __vector_14
                0x0000007e                __vector_10
                0x0000007e                __vector_16
                0x0000007e                __vector_18
                0x0000007e                __vector_20
 .text          0x00000082        0x0 ./HDM_Program.o
 .text          0x00000082        0x0 ./HLCD_Program.o
 .text          0x00000082        0x0 ./MDIO_program.o
 .text          0x00000082        0x0 ./MSPI_Program.o
 .text          0x00000082        0x0 ./MUART_Program.o
 .text          0x00000082        0x0 ./Slave_main.o
 .text          0x00000082        0x0 d:/eclipse/01-imt_sdk/imt_sdk_win_64/imt_sdk_win_64/winavr/bin/../lib/gcc/avr/4.3.3/avr5\libgcc.a(_exit.o)
 .text          0x00000082        0x0 d:/eclipse/01-imt_sdk/imt_sdk_win_64/imt_sdk_win_64/winavr/bin/../lib/gcc/avr/4.3.3/avr5\libgcc.a(_copy_data.o)
                0x00000082                . = ALIGN (0x2)
 *(.text.*)
 .text.HDM_voidStopMotor
                0x00000082       0x16 ./HDM_Program.o
                0x00000082                HDM_voidStopMotor
 .text.HDM_voidMoveMotor
                0x00000098       0x88 ./HDM_Program.o
                0x00000098                HDM_voidMoveMotor
 .text.HDM_voidInitialize
                0x00000120       0x12 ./HDM_Program.o
                0x00000120                HDM_voidInitialize
 .text.HLCD_voidSetCursor
                0x00000132        0x2 ./HLCD_Program.o
                0x00000132                HLCD_voidSetCursor
 .text.HLCD_voidWriteData
                0x00000134       0x62 ./HLCD_Program.o
                0x00000134                HLCD_voidWriteData
 .text.HLCD_voidSetString
                0x00000196       0x20 ./HLCD_Program.o
                0x00000196                HLCD_voidSetString
 .text.HLCD_voidWriteCommand
                0x000001b6       0x38 ./HLCD_Program.o
                0x000001b6                HLCD_voidWriteCommand
 .text.HLCD_voidDeleteLastChar
                0x000001ee       0x14 ./HLCD_Program.o
                0x000001ee                HLCD_voidDeleteLastChar
 .text.HLCD_voidSetStringXYPos
                0x00000202       0x38 ./HLCD_Program.o
                0x00000202                HLCD_voidSetStringXYPos
 .text.HLCD_voidCustomChar
                0x0000023a       0x3c ./HLCD_Program.o
                0x0000023a                HLCD_voidCustomChar
 .text.HLCD_voidInitialize
                0x00000276       0x5c ./HLCD_Program.o
                0x00000276                HLCD_voidInitialize
 .text.MDIO_voidSetPortDirection
                0x000002d2       0x32 ./MDIO_program.o
                0x000002d2                MDIO_voidSetPortDirection
 .text.MDIO_voidSetPortValue
                0x00000304       0x32 ./MDIO_program.o
                0x00000304                MDIO_voidSetPortValue
 .text.MDIO_u8GetPortValue
                0x00000336       0x24 ./MDIO_program.o
                0x00000336                MDIO_u8GetPortValue
 .text.MDIO_voidSetPinDirection
                0x0000035a      0x10a ./MDIO_program.o
                0x0000035a                MDIO_voidSetPinDirection
 .text.MDIO_voidSetPinValue
                0x00000464      0x10a ./MDIO_program.o
                0x00000464                MDIO_voidSetPinValue
 .text.MDIO_u8GetPinValue
                0x0000056e       0x64 ./MDIO_program.o
                0x0000056e                MDIO_u8GetPinValue
 .text.MSPI_voidMasterInitialize
                0x000005d2        0xe ./MSPI_Program.o
                0x000005d2                MSPI_voidMasterInitialize
 .text.MSPI_voidSlaveInitialize
                0x000005e0       0x16 ./MSPI_Program.o
                0x000005e0                MSPI_voidSlaveInitialize
 .text.MSPI_voidSendByte
                0x000005f6        0xe ./MSPI_Program.o
                0x000005f6                MSPI_voidSendByte
 .text.MSPI_u8ReadByte
                0x00000604        0xe ./MSPI_Program.o
                0x00000604                MSPI_u8ReadByte
 .text.MUART_voidInit
                0x00000612       0x14 ./MUART_Program.o
                0x00000612                MUART_voidInit
 .text.MUART_voidRecieve
                0x00000626        0xe ./MUART_Program.o
                0x00000626                MUART_voidRecieve
 .text.MUART_voidSend
                0x00000634       0x10 ./MUART_Program.o
                0x00000634                MUART_voidSend
 .text.Display_Message
                0x00000644       0x5e ./Slave_main.o
                0x00000644                Display_Message
 .text.OpenDoor
                0x000006a2       0x7e ./Slave_main.o
                0x000006a2                OpenDoor
 .text.main     0x00000720      0x2d8 ./Slave_main.o
                0x00000720                main
 .text.libgcc   0x000009f8        0x0 d:/eclipse/01-imt_sdk/imt_sdk_win_64/imt_sdk_win_64/winavr/bin/../lib/gcc/avr/4.3.3/avr5\libgcc.a(_exit.o)
 .text.libgcc   0x000009f8        0x0 d:/eclipse/01-imt_sdk/imt_sdk_win_64/imt_sdk_win_64/winavr/bin/../lib/gcc/avr/4.3.3/avr5\libgcc.a(_copy_data.o)
                0x000009f8                . = ALIGN (0x2)
 *(.fini9)
 .fini9         0x000009f8        0x0 d:/eclipse/01-imt_sdk/imt_sdk_win_64/imt_sdk_win_64/winavr/bin/../lib/gcc/avr/4.3.3/avr5\libgcc.a(_exit.o)
                0x000009f8                exit
                0x000009f8                _exit
 *(.fini9)
 *(.fini8)
 *(.fini8)
 *(.fini7)
 *(.fini7)
 *(.fini6)
 *(.fini6)
 *(.fini5)
 *(.fini5)
 *(.fini4)
 *(.fini4)
 *(.fini3)
 *(.fini3)
 *(.fini2)
 *(.fini2)
 *(.fini1)
 *(.fini1)
 *(.fini0)
 .fini0         0x000009f8        0x4 d:/eclipse/01-imt_sdk/imt_sdk_win_64/imt_sdk_win_64/winavr/bin/../lib/gcc/avr/4.3.3/avr5\libgcc.a(_exit.o)
 *(.fini0)
                0x000009fc                _etext = .

.data           0x00800060       0xe8 load address 0x000009fc
                0x00800060                PROVIDE (__data_start, .)
 *(.data)
 .data          0x00800060        0x0 d:/eclipse/01-imt_sdk/imt_sdk_win_64/imt_sdk_win_64/winavr/bin/../lib/gcc/avr/4.3.3/../../../../avr/lib/avr5/crtm32.o
 .data          0x00800060        0x0 ./HDM_Program.o
 .data          0x00800060        0x0 ./HLCD_Program.o
 .data          0x00800060        0x0 ./MDIO_program.o
 .data          0x00800060        0x0 ./MSPI_Program.o
 .data          0x00800060        0x0 ./MUART_Program.o
 .data          0x00800060       0xe2 ./Slave_main.o
 .data          0x00800142        0x0 d:/eclipse/01-imt_sdk/imt_sdk_win_64/imt_sdk_win_64/winavr/bin/../lib/gcc/avr/4.3.3/avr5\libgcc.a(_exit.o)
 .data          0x00800142        0x0 d:/eclipse/01-imt_sdk/imt_sdk_win_64/imt_sdk_win_64/winavr/bin/../lib/gcc/avr/4.3.3/avr5\libgcc.a(_copy_data.o)
 *(.data*)
 *(.rodata)
 *(.rodata*)
 .rodata.C.0.1328
                0x00800142        0x5 ./Slave_main.o
 *(.gnu.linkonce.d*)
                0x00800148                . = ALIGN (0x2)
 *fill*         0x00800147        0x1 00
                0x00800148                _edata = .
                0x00800148                PROVIDE (__data_end, .)

.bss            0x00800148        0x0
                0x00800148                PROVIDE (__bss_start, .)
 *(.bss)
 .bss           0x00800148        0x0 d:/eclipse/01-imt_sdk/imt_sdk_win_64/imt_sdk_win_64/winavr/bin/../lib/gcc/avr/4.3.3/../../../../avr/lib/avr5/crtm32.o
 .bss           0x00800148        0x0 ./HDM_Program.o
 .bss           0x00800148        0x0 ./HLCD_Program.o
 .bss           0x00800148        0x0 ./MDIO_program.o
 .bss           0x00800148        0x0 ./MSPI_Program.o
 .bss           0x00800148        0x0 ./MUART_Program.o
 .bss           0x00800148        0x0 ./Slave_main.o
 .bss           0x00800148        0x0 d:/eclipse/01-imt_sdk/imt_sdk_win_64/imt_sdk_win_64/winavr/bin/../lib/gcc/avr/4.3.3/avr5\libgcc.a(_exit.o)
 .bss           0x00800148        0x0 d:/eclipse/01-imt_sdk/imt_sdk_win_64/imt_sdk_win_64/winavr/bin/../lib/gcc/avr/4.3.3/avr5\libgcc.a(_copy_data.o)
 *(.bss*)
 *(COMMON)
                0x00800148                PROVIDE (__bss_end, .)
                0x000009fc                __data_load_start = LOADADDR (.data)
                0x00000ae4                __data_load_end = (__data_load_start + SIZEOF (.data))

.noinit         0x00800148        0x0
                0x00800148                PROVIDE (__noinit_start, .)
 *(.noinit*)
                0x00800148                PROVIDE (__noinit_end, .)
                0x00800148                _end = .
                0x00800148                PROVIDE (__heap_start, .)

.eeprom         0x00810000        0x0
 *(.eeprom*)
                0x00810000                __eeprom_end = .

.fuse
 *(.fuse)
 *(.lfuse)
 *(.hfuse)
 *(.efuse)

.lock
 *(.lock*)

.signature
 *(.signature*)

.stab           0x00000000     0x1e24
 *(.stab)
 .stab          0x00000000      0x648 ./HDM_Program.o
 .stab          0x00000648      0x6e4 ./HLCD_Program.o
                                0x75c (size before relaxing)
 .stab          0x00000d2c      0x474 ./MDIO_program.o
                                0x504 (size before relaxing)
 .stab          0x000011a0      0x1f8 ./MSPI_Program.o
                                0x288 (size before relaxing)
 .stab          0x00001398      0x1bc ./MUART_Program.o
                                0x234 (size before relaxing)
 .stab          0x00001554      0x8d0 ./Slave_main.o
                                0xad4 (size before relaxing)

.stabstr        0x00000000      0xf81
 *(.stabstr)
 .stabstr       0x00000000      0xf81 ./HDM_Program.o

.stab.excl
 *(.stab.excl)

.stab.exclstr
 *(.stab.exclstr)

.stab.index
 *(.stab.index)

.stab.indexstr
 *(.stab.indexstr)

.comment
 *(.comment)

.debug
 *(.debug)

.line
 *(.line)

.debug_srcinfo
 *(.debug_srcinfo)

.debug_sfnames
 *(.debug_sfnames)

.debug_aranges
 *(.debug_aranges)

.debug_pubnames
 *(.debug_pubnames)

.debug_info
 *(.debug_info)
 *(.gnu.linkonce.wi.*)

.debug_abbrev
 *(.debug_abbrev)

.debug_line
 *(.debug_line)

.debug_frame
 *(.debug_frame)

.debug_str
 *(.debug_str)

.debug_loc
 *(.debug_loc)

.debug_macinfo
 *(.debug_macinfo)
OUTPUT(DigitalLockSystem_Slave.elf elf32-avr)
LOAD linker stubs
